// Jest Snapshot v1, https://goo.gl/fbAQLP

exports[`Testing List Component renders correctly 1`] = `
<View>
  <Text
    style={
      Object {
        "color": "#0B354F",
        "fontWeight": "bold",
        "marginLeft": "auto",
        "marginRight": "auto",
        "marginTop": 30,
      }
    }
  />
  <RCTScrollView
    contentContainerStyle={
      Object {
        "paddingBottom": 40,
      }
    }
    showsVerticalScrollIndicator={false}
  >
    <View>
      <RCTScrollView
        data={Array []}
        disableVirtualization={false}
        getItem={[Function]}
        getItemCount={[Function]}
        horizontal={false}
        initialNumToRender={10}
        keyExtractor={[Function]}
        maxToRenderPerBatch={10}
        onContentSizeChange={[Function]}
        onEndReachedThreshold={2}
        onLayout={[Function]}
        onMomentumScrollEnd={[Function]}
        onScroll={[Function]}
        onScrollBeginDrag={[Function]}
        onScrollEndDrag={[Function]}
        removeClippedSubviews={false}
        renderItem={[Function]}
        scrollEventThrottle={50}
        stickyHeaderIndices={Array []}
        updateCellsBatchingPeriod={50}
        viewabilityConfigCallbackPairs={Array []}
        windowSize={21}
      >
        <View />
      </RCTScrollView>
      <View
        style={
          Object {
            "alignItems": "center",
            "height": 80,
            "justifyContent": "center",
          }
        }
      />
    </View>
  </RCTScrollView>
</View>
`;
